Archive member included to satisfy reference by file (symbol)

/Users/anthonyodestro/gcc-arm-none-eabi/bin/../lib/gcc/arm-none-eabi/5.4.1/../../../../arm-none-eabi/lib/armv7e-m/fpu/libc_nano.a(lib_a-exit.o)
                              /Users/anthonyodestro/gcc-arm-none-eabi/bin/../lib/gcc/arm-none-eabi/5.4.1/../../../../arm-none-eabi/lib/armv7e-m/fpu/crt0.o (exit)
/Users/anthonyodestro/gcc-arm-none-eabi/bin/../lib/gcc/arm-none-eabi/5.4.1/../../../../arm-none-eabi/lib/armv7e-m/fpu/libc_nano.a(lib_a-impure.o)
                              /Users/anthonyodestro/gcc-arm-none-eabi/bin/../lib/gcc/arm-none-eabi/5.4.1/../../../../arm-none-eabi/lib/armv7e-m/fpu/libc_nano.a(lib_a-exit.o) (_global_impure_ptr)
/Users/anthonyodestro/gcc-arm-none-eabi/bin/../lib/gcc/arm-none-eabi/5.4.1/../../../../arm-none-eabi/lib/armv7e-m/fpu/libc_nano.a(lib_a-init.o)
                              /Users/anthonyodestro/gcc-arm-none-eabi/bin/../lib/gcc/arm-none-eabi/5.4.1/../../../../arm-none-eabi/lib/armv7e-m/fpu/crt0.o (__libc_init_array)
/Users/anthonyodestro/gcc-arm-none-eabi/bin/../lib/gcc/arm-none-eabi/5.4.1/../../../../arm-none-eabi/lib/armv7e-m/fpu/libc_nano.a(lib_a-memset.o)
                              /Users/anthonyodestro/gcc-arm-none-eabi/bin/../lib/gcc/arm-none-eabi/5.4.1/../../../../arm-none-eabi/lib/armv7e-m/fpu/crt0.o (memset)
/Users/anthonyodestro/gcc-arm-none-eabi/bin/../lib/gcc/arm-none-eabi/5.4.1/../../../../arm-none-eabi/lib/armv7e-m/fpu/libc_nano.a(lib_a-nano-vfprintf_float.o)
                              (_printf_float)
/Users/anthonyodestro/gcc-arm-none-eabi/bin/../lib/gcc/arm-none-eabi/5.4.1/../../../../arm-none-eabi/lib/armv7e-m/fpu/libc_nano.a(lib_a-nano-vfprintf_i.o)
                              /Users/anthonyodestro/gcc-arm-none-eabi/bin/../lib/gcc/arm-none-eabi/5.4.1/../../../../arm-none-eabi/lib/armv7e-m/fpu/libc_nano.a(lib_a-nano-vfprintf_float.o) (_printf_common)
/Users/anthonyodestro/gcc-arm-none-eabi/bin/../lib/gcc/arm-none-eabi/5.4.1/../../../../arm-none-eabi/lib/armv7e-m/fpu/libc_nano.a(lib_a-strlen.o)
                              /Users/anthonyodestro/gcc-arm-none-eabi/bin/../lib/gcc/arm-none-eabi/5.4.1/../../../../arm-none-eabi/lib/armv7e-m/fpu/libc_nano.a(lib_a-nano-vfprintf_float.o) (strlen)
/Users/anthonyodestro/gcc-arm-none-eabi/bin/../lib/gcc/arm-none-eabi/5.4.1/../../../../arm-none-eabi/lib/armv7e-m/fpu/libc_nano.a(lib_a-dtoa.o)
                              /Users/anthonyodestro/gcc-arm-none-eabi/bin/../lib/gcc/arm-none-eabi/5.4.1/../../../../arm-none-eabi/lib/armv7e-m/fpu/libc_nano.a(lib_a-nano-vfprintf_float.o) (_dtoa_r)
/Users/anthonyodestro/gcc-arm-none-eabi/bin/../lib/gcc/arm-none-eabi/5.4.1/../../../../arm-none-eabi/lib/armv7e-m/fpu/libc_nano.a(lib_a-locale.o)
                              /Users/anthonyodestro/gcc-arm-none-eabi/bin/../lib/gcc/arm-none-eabi/5.4.1/../../../../arm-none-eabi/lib/armv7e-m/fpu/libc_nano.a(lib_a-nano-vfprintf_float.o) (_localeconv_r)
/Users/anthonyodestro/gcc-arm-none-eabi/bin/../lib/gcc/arm-none-eabi/5.4.1/../../../../arm-none-eabi/lib/armv7e-m/fpu/libc_nano.a(lib_a-malloc.o)
                              /Users/anthonyodestro/gcc-arm-none-eabi/bin/../lib/gcc/arm-none-eabi/5.4.1/../../../../arm-none-eabi/lib/armv7e-m/fpu/libc_nano.a(lib_a-dtoa.o) (malloc)
/Users/anthonyodestro/gcc-arm-none-eabi/bin/../lib/gcc/arm-none-eabi/5.4.1/../../../../arm-none-eabi/lib/armv7e-m/fpu/libc_nano.a(lib_a-memchr.o)
                              /Users/anthonyodestro/gcc-arm-none-eabi/bin/../lib/gcc/arm-none-eabi/5.4.1/../../../../arm-none-eabi/lib/armv7e-m/fpu/libc_nano.a(lib_a-nano-vfprintf_i.o) (memchr)
/Users/anthonyodestro/gcc-arm-none-eabi/bin/../lib/gcc/arm-none-eabi/5.4.1/../../../../arm-none-eabi/lib/armv7e-m/fpu/libc_nano.a(lib_a-memcpy-stub.o)
                              /Users/anthonyodestro/gcc-arm-none-eabi/bin/../lib/gcc/arm-none-eabi/5.4.1/../../../../arm-none-eabi/lib/armv7e-m/fpu/libc_nano.a(lib_a-dtoa.o) (memcpy)
/Users/anthonyodestro/gcc-arm-none-eabi/bin/../lib/gcc/arm-none-eabi/5.4.1/../../../../arm-none-eabi/lib/armv7e-m/fpu/libc_nano.a(lib_a-mprec.o)
                              /Users/anthonyodestro/gcc-arm-none-eabi/bin/../lib/gcc/arm-none-eabi/5.4.1/../../../../arm-none-eabi/lib/armv7e-m/fpu/libc_nano.a(lib_a-dtoa.o) (_Balloc)
/Users/anthonyodestro/gcc-arm-none-eabi/bin/../lib/gcc/arm-none-eabi/5.4.1/../../../../arm-none-eabi/lib/armv7e-m/fpu/libc_nano.a(lib_a-nano-callocr.o)
                              /Users/anthonyodestro/gcc-arm-none-eabi/bin/../lib/gcc/arm-none-eabi/5.4.1/../../../../arm-none-eabi/lib/armv7e-m/fpu/libc_nano.a(lib_a-mprec.o) (_calloc_r)
/Users/anthonyodestro/gcc-arm-none-eabi/bin/../lib/gcc/arm-none-eabi/5.4.1/../../../../arm-none-eabi/lib/armv7e-m/fpu/libc_nano.a(lib_a-nano-freer.o)
                              /Users/anthonyodestro/gcc-arm-none-eabi/bin/../lib/gcc/arm-none-eabi/5.4.1/../../../../arm-none-eabi/lib/armv7e-m/fpu/libc_nano.a(lib_a-malloc.o) (_free_r)
[...]
Memory Configuration

Name             Origin             Length             Attributes
FLASH            0x0000000000000000 0x0000000000080000 xr
RAM              0x0000000020000000 0x0000000000010000 xrw
*default*        0x0000000000000000 0xffffffffffffffff

Linker script and memory map


.text           0x0000000000000000     0x4898
 *(.isr_vector)
 .isr_vector    0x0000000000000000      0x400 _build/nrf52832_xxaa_gcc_startup_nrf52.S.o
                0x0000000000000000                __isr_vector
 *(.text*)
 .text          0x0000000000000400       0x5c /Users/anthonyodestro/gcc-arm-none-eabi/bin/../lib/gcc/arm-none-eabi/5.4.1/armv7e-m/fpu/crtbegin.o
 .text          0x000000000000045c       0x74 /Users/anthonyodestro/gcc-arm-none-eabi/bin/../lib/gcc/arm-none-eabi/5.4.1/../../../../arm-none-eabi/lib/armv7e-m/fpu/crt0.o
                0x000000000000045c                _mainCRTStartup
                0x000000000000045c                _start
 .text.exit     0x00000000000004d0       0x28 /Users/anthonyodestro/gcc-arm-none-eabi/bin/../lib/gcc/arm-none-eabi/5.4.1/../../../../arm-none-eabi/lib/armv7e-m/fpu/libc_nano.a(lib_a-exit.o)
                0x00000000000004d0                exit
 .text.__libc_init_array
                0x00000000000004f8       0x4c /Users/anthonyodestro/gcc-arm-none-eabi/bin/../lib/gcc/arm-none-eabi/5.4.1/../../../../arm-none-eabi/lib/armv7e-m/fpu/libc_nano.a(lib_a-init.o)
                0x00000000000004f8                __libc_init_array
 .text.memset   0x0000000000000544       0x10 /Users/anthonyodestro/gcc-arm-none-eabi/bin/../lib/gcc/arm-none-eabi/5.4.1/../../../../arm-none-eabi/lib/armv7e-m/fpu/libc_nano.a(lib_a-memset.o)
                0x0000000000000544                memset
 .text.__cvt    0x0000000000000554       0xc8 /Users/anthonyodestro/gcc-arm-none-eabi/bin/../lib/gcc/arm-none-eabi/5.4.1/../../../../arm-none-eabi/lib/armv7e-m/fpu/libc_nano.a(lib_a-nano-vfprintf_float.o)
                0x0000000000000554                __cvt
 .text.__exponent
                0x000000000000061c       0x60 /Users/anthonyodestro/gcc-arm-none-eabi/bin/../lib/gcc/arm-none-eabi/5.4.1/../../../../arm-none-eabi/lib/armv7e-m/fpu/libc_nano.a(lib_a-nano-vfprintf_float.o)
                0x000000000000061c                __exponent
 .text._printf_float
                0x000000000000067c      0x47c /Users/anthonyodestro/gcc-arm-none-eabi/bin/../lib/gcc/arm-none-eabi/5.4.1/../../../../arm-none-eabi/lib/armv7e-m/fpu/libc_nano.a(lib_a-nano-vfprintf_float.o)
                0x000000000000067c                _printf_float
 .text._printf_common
                0x0000000000000af8       0xec /Users/anthonyodestro/gcc-arm-none-eabi/bin/../lib/gcc/arm-none-eabi/5.4.1/../../../../arm-none-eabi/lib/armv7e-m/fpu/libc_nano.a(lib_a-nano-vfprintf_i.o)
                0x0000000000000af8                _printf_common
 .text._printf_i
                0x0000000000000be4      0x24c /Users/anthonyodestro/gcc-arm-none-eabi/bin/../lib/gcc/arm-none-eabi/5.4.1/../../../../arm-none-eabi/lib/armv7e-m/fpu/libc_nano.a(lib_a-nano-vfprintf_i.o)
                0x0000000000000be4                _printf_i
 .text          0x0000000000000e30       0x10 /Users/anthonyodestro/gcc-arm-none-eabi/bin/../lib/gcc/arm-none-eabi/5.4.1/../../../../arm-none-eabi/lib/armv7e-m/fpu/libc_nano.a(lib_a-strlen.o)
                0x0000000000000e30                strlen
 .text.quorem   0x0000000000000e40      0x11e /Users/anthonyodestro/gcc-arm-none-eabi/bin/../lib/gcc/arm-none-eabi/5.4.1/../../../../arm-none-eabi/lib/armv7e-m/fpu/libc_nano.a(lib_a-dtoa.o)
 *fill*         0x0000000000000f5e        0x2 
 .text._dtoa_r  0x0000000000000f60      0xb40 /Users/anthonyodestro/gcc-arm-none-eabi/bin/../lib/gcc/arm-none-eabi/5.4.1/../../../../arm-none-eabi/lib/armv7e-m/fpu/libc_nano.a(lib_a-dtoa.o)
                0x0000000000000f60                _dtoa_r
 .text._localeconv_r
                0x0000000000001aa0        0x8 /Users/anthonyodestro/gcc-arm-none-eabi/bin/../lib/gcc/arm-none-eabi/5.4.1/../../../../arm-none-eabi/lib/armv7e-m/fpu/libc_nano.a(lib_a-locale.o)
                0x0000000000001aa0                _localeconv_r
 .text.malloc   0x0000000000001aa8       0x10 /Users/anthonyodestro/gcc-arm-none-eabi/bin/../lib/gcc/arm-none-eabi/5.4.1/../../../../arm-none-eabi/lib/armv7e-m/fpu/libc_nano.a(lib_a-malloc.o)
                0x0000000000001aa8                malloc
 *fill*         0x0000000000001ab8        0x8 
 .text          0x0000000000001ac0       0xa0 /Users/anthonyodestro/gcc-arm-none-eabi/bin/../lib/gcc/arm-none-eabi/5.4.1/../../../../arm-none-eabi/lib/armv7e-m/fpu/libc_nano.a(lib_a-memchr.o)
                0x0000000000001ac0                memchr
 .text.memcpy   0x0000000000001b60       0x16 /Users/anthonyodestro/gcc-arm-none-eabi/bin/../lib/gcc/arm-none-eabi/5.4.1/../../../../arm-none-eabi/lib/armv7e-m/fpu/libc_nano.a(lib_a-memcpy-stub.o)
                0x0000000000001b60                memcpy
 .text._Balloc  0x0000000000001b76       0x6a /Users/anthonyodestro/gcc-arm-none-eabi/bin/../lib/gcc/arm-none-eabi/5.4.1/../../../../arm-none-eabi/lib/armv7e-m/fpu/libc_nano.a(lib_a-mprec.o)
                0x0000000000001b76                _Balloc
 .text._Bfree   0x0000000000001be0       0x2e /Users/anthonyodestro/gcc-arm-none-eabi/bin/../lib/gcc/arm-none-eabi/5.4.1/../../../../arm-none-eabi/lib/armv7e-m/fpu/libc_nano.a(lib_a-mprec.o)
                0x0000000000001be0                _Bfree
 .text.__multadd
                0x0000000000001c0e       0x76 /Users/anthonyodestro/gcc-arm-none-eabi/bin/../lib/gcc/arm-none-eabi/5.4.1/../../../../arm-none-eabi/lib/armv7e-m/fpu/libc_nano.a(lib_a-mprec.o)
                0x0000000000001c0e                __multadd
 .text.__hi0bits
                0x0000000000001c84       0x40 /Users/anthonyodestro/gcc-arm-none-eabi/bin/../lib/gcc/arm-none-eabi/5.4.1/../../../../arm-none-eabi/lib/armv7e-m/fpu/libc_nano.a(lib_a-mprec.o)
                0x0000000000001c84                __hi0bits
 .text.__lo0bits
                0x0000000000001cc4       0x5a /Users/anthonyodestro/gcc-arm-none-eabi/bin/../lib/gcc/arm-none-eabi/5.4.1/../../../../arm-none-eabi/lib/armv7e-m/fpu/libc_nano.a(lib_a-mprec.o)
                0x0000000000001cc4                __lo0bits
 .text.__i2b    0x0000000000001d1e       0x12 /Users/anthonyodestro/gcc-arm-none-eabi/bin/../lib/gcc/arm-none-eabi/5.4.1/../../../../arm-none-eabi/lib/armv7e-m/fpu/libc_nano.a(lib_a-mprec.o)
                0x0000000000001d1e                __i2b
 .text.__multiply
                0x0000000000001d30      0x122 /Users/anthonyodestro/gcc-arm-none-eabi/bin/../lib/gcc/arm-none-eabi/5.4.1/../../../../arm-none-eabi/lib/armv7e-m/fpu/libc_nano.a(lib_a-mprec.o)
                0x0000000000001d30                __multiply
 *fill*         0x0000000000001e52        0x2 
 .text.__pow5mult
                0x0000000000001e54       0x9c /Users/anthonyodestro/gcc-arm-none-eabi/bin/../lib/gcc/arm-none-eabi/5.4.1/../../../../arm-none-eabi/lib/armv7e-m/fpu/libc_nano.a(lib_a-mprec.o)
                0x0000000000001e54                __pow5mult
 .text.__lshift
                0x0000000000001ef0       0xa2 /Users/anthonyodestro/gcc-arm-none-eabi/bin/../lib/gcc/arm-none-eabi/5.4.1/../../../../arm-none-eabi/lib/armv7e-m/fpu/libc_nano.a(lib_a-mprec.o)
                0x0000000000001ef0                __lshift
 .text.__mcmp   0x0000000000001f92       0x38 /Users/anthonyodestro/gcc-arm-none-eabi/bin/../lib/gcc/arm-none-eabi/5.4.1/../../../../arm-none-eabi/lib/armv7e-m/fpu/libc_nano.a(lib_a-mprec.o)
                0x0000000000001f92                __mcmp
 .text.__mdiff  0x0000000000001fca       0xbe /Users/anthonyodestro/gcc-arm-none-eabi/bin/../lib/gcc/arm-none-eabi/5.4.1/../../../../arm-none-eabi/lib/armv7e-m/fpu/libc_nano.a(lib_a-mprec.o)
                0x0000000000001fca                __mdiff
 .text.__d2b    0x0000000000002088       0x9c /Users/anthonyodestro/gcc-arm-none-eabi/bin/../lib/gcc/arm-none-eabi/5.4.1/../../../../arm-none-eabi/lib/armv7e-m/fpu/libc_nano.a(lib_a-mprec.o)
                0x0000000000002088                __d2b
 .text._calloc_r
                0x0000000000002124       0x1c /Users/anthonyodestro/gcc-arm-none-eabi/bin/../lib/gcc/arm-none-eabi/5.4.1/../../../../arm-none-eabi/lib/armv7e-m/fpu/libc_nano.a(lib_a-nano-callocr.o)
                0x0000000000002124                _calloc_r
 .text._free_r  0x0000000000002140       0x9c /Users/anthonyodestro/gcc-arm-none-eabi/bin/../lib/gcc/arm-none-eabi/5.4.1/../../../../arm-none-eabi/lib/armv7e-m/fpu/libc_nano.a(lib_a-nano-freer.o)
                0x0000000000002140                _free_r
 .text._malloc_r
                0x00000000000021dc       0xbc /Users/anthonyodestro/gcc-arm-none-eabi/bin/../lib/gcc/arm-none-eabi/5.4.1/../../../../arm-none-eabi/lib/armv7e-m/fpu/libc_nano.a(lib_a-nano-mallocr.o)
                0x00000000000021dc                _malloc_r
 .text._sbrk_r  0x0000000000002298       0x20 /Users/anthonyodestro/gcc-arm-none-eabi/bin/../lib/gcc/arm-none-eabi/5.4.1/../../../../arm-none-eabi/lib/armv7e-m/fpu/libc_nano.a(lib_a-sbrkr.o)
                0x0000000000002298                _sbrk_r
 .text.__malloc_lock
                0x00000000000022b8        0x2 /Users/anthonyodestro/gcc-arm-none-eabi/bin/../lib/gcc/arm-none-eabi/5.4.1/../../../../arm-none-eabi/lib/armv7e-m/fpu/libc_nano.a(lib_a-mlock.o)
                0x00000000000022b8                __malloc_lock
 .text.__malloc_unlock
                0x00000000000022ba        0x2 /Users/anthonyodestro/gcc-arm-none-eabi/bin/../lib/gcc/arm-none-eabi/5.4.1/../../../../arm-none-eabi/lib/armv7e-m/fpu/libc_nano.a(lib_a-mlock.o)
                0x00000000000022ba                __malloc_unlock
 .text._sbrk    0x00000000000022bc       0x1c /Users/anthonyodestro/gcc-arm-none-eabi/bin/../lib/gcc/arm-none-eabi/5.4.1/../../../../arm-none-eabi/lib/armv7e-m/fpu/libnosys.a(sbrk.o)
                0x00000000000022bc                _sbrk
 .text._exit    0x00000000000022d8        0x4 /Users/anthonyodestro/gcc-arm-none-eabi/bin/../lib/gcc/arm-none-eabi/5.4.1/../../../../arm-none-eabi/lib/armv7e-m/fpu/libnosys.a(_exit.o)
                0x00000000000022d8                _exit
 .text.nrf_log_backend_serial_std_handler
                0x00000000000022dc      0x194 _build/nrf52832_xxaa_nrf_log_backend_serial.c.o
 .text.nrf_log_backend_serial_hexdump_handler
                0x0000000000002470      0x260 _build/nrf52832_xxaa_nrf_log_backend_serial.c.o
 .text.nrf_log_backend_init
                0x00000000000026d0       0x28 _build/nrf52832_xxaa_nrf_log_backend_serial.c.o
                0x00000000000026d0                nrf_log_backend_init
 .text.nrf_log_backend_std_handler_get
                0x00000000000026f8        0x8 _build/nrf52832_xxaa_nrf_log_backend_serial.c.o
                0x00000000000026f8                nrf_log_backend_std_handler_get
 .text.nrf_log_backend_hexdump_handler_get
                0x0000000000002700        0x8 _build/nrf52832_xxaa_nrf_log_backend_serial.c.o
                0x0000000000002700                nrf_log_backend_hexdump_handler_get
 .text.nrf_log_init
                0x0000000000002708       0x24 _build/nrf52832_xxaa_nrf_log_frontend.c.o
                0x0000000000002708                nrf_log_init
 .text.nrf_log_frontend_std_0
                0x000000000000272c       0x1c _build/nrf52832_xxaa_nrf_log_frontend.c.o
                0x000000000000272c                nrf_log_frontend_std_0
 .text.nrf_log_frontend_std_1
                0x0000000000002748       0x20 _build/nrf52832_xxaa_nrf_log_frontend.c.o
                0x0000000000002748                nrf_log_frontend_std_1
 .text.nrf_log_frontend_std_2
                0x0000000000002768       0x20 _build/nrf52832_xxaa_nrf_log_frontend.c.o
                0x0000000000002768                nrf_log_frontend_std_2
 .text.app_error_handler_bare
                0x0000000000002788       0x20 _build/nrf52832_xxaa_app_error.c.o
                0x0000000000002788                app_error_handler_bare
 .text.app_error_fault_handler
                0x00000000000027a8       0x30 _build/nrf52832_xxaa_app_error_weak.c.o
                0x00000000000027a8                app_error_fault_handler
 .text.nrf_drv_common_irq_enable
                0x00000000000027d8       0x50 _build/nrf52832_xxaa_nrf_drv_common.c.o
                0x00000000000027d8                nrf_drv_common_irq_enable
 .text.GPIOTE_IRQHandler
                0x0000000000002828      0x2b0 _build/nrf52832_xxaa_nrf_drv_gpiote.c.o
                0x0000000000002828                GPIOTE_IRQHandler
 .text.QDEC_IRQHandler
                0x0000000000002ad8       0xcc _build/nrf52832_xxaa_nrf_drv_qdec.c.o
                0x0000000000002ad8                QDEC_IRQHandler
 .text.nrf_drv_qdec_init
                0x0000000000002ba4       0xc8 _build/nrf52832_xxaa_nrf_drv_qdec.c.o
                0x0000000000002ba4                nrf_drv_qdec_init
 .text.nrf_drv_qdec_enable
                0x0000000000002c6c       0x1c _build/nrf52832_xxaa_nrf_drv_qdec.c.o
                0x0000000000002c6c                nrf_drv_qdec_enable
 .text.UARTE0_UART0_IRQHandler
                0x0000000000002c88      0x2fc _build/nrf52832_xxaa_nrf_drv_uart.c.o
                0x0000000000002c88                UARTE0_UART0_IRQHandler
 *fill*         0x0000000000002f84        0x4 
 .text.qdec_event_handler
                0x0000000000002f88      0x1c8 _build/nrf52832_xxaa_main.c.o
 .text.startup.main
                0x0000000000003150       0x44 _build/nrf52832_xxaa_main.c.o
                0x0000000000003150                main
 .text.SEGGER_RTT_WriteNoLock
                0x0000000000003194      0x17c _build/nrf52832_xxaa_SEGGER_RTT.c.o
                0x0000000000003194                SEGGER_RTT_WriteNoLock
 .text.SEGGER_RTT_Init
                0x0000000000003310       0x60 _build/nrf52832_xxaa_SEGGER_RTT.c.o
                0x0000000000003310                SEGGER_RTT_Init
 .text          0x0000000000003370       0x3c _build/nrf52832_xxaa_gcc_startup_nrf52.S.o
                0x0000000000003370                Reset_Handler
                0x0000000000003398                NMI_Handler
                0x000000000000339a                HardFault_Handler
                0x000000000000339c                MemoryManagement_Handler
                0x000000000000339e                BusFault_Handler
                0x00000000000033a0                UsageFault_Handler
                0x00000000000033a2                SVC_Handler
                0x00000000000033a4                DebugMon_Handler
                0x00000000000033a6                PendSV_Handler
                0x00000000000033a8                SysTick_Handler
                0x00000000000033aa                FPU_IRQHandler
                0x00000000000033aa                SPIM0_SPIS0_TWIM0_TWIS0_SPI0_TWI0_IRQHandler
                0x00000000000033aa                TIMER4_IRQHandler
                0x00000000000033aa                I2S_IRQHandler
                0x00000000000033aa                SWI4_EGU4_IRQHandler
                0x00000000000033aa                TIMER0_IRQHandler
                0x00000000000033aa                TIMER1_IRQHandler
                0x00000000000033aa                PWM2_IRQHandler
                0x00000000000033aa                ECB_IRQHandler
                0x00000000000033aa                SPIM1_SPIS1_TWIM1_TWIS1_SPI1_TWI1_IRQHandler
                0x00000000000033aa                Default_Handler
                0x00000000000033aa                SAADC_IRQHandler
                0x00000000000033aa                CCM_AAR_IRQHandler
                0x00000000000033aa                WDT_IRQHandler
                0x00000000000033aa                SWI5_EGU5_IRQHandler
                0x00000000000033aa                RNG_IRQHandler
                0x00000000000033aa                RTC2_IRQHandler
                0x00000000000033aa                PWM0_IRQHandler
                0x00000000000033aa                SWI3_EGU3_IRQHandler
                0x00000000000033aa                RTC1_IRQHandler
                0x00000000000033aa                SWI1_EGU1_IRQHandler
                0x00000000000033aa                SPIM2_SPIS2_SPI2_IRQHandler
                0x00000000000033aa                NFCT_IRQHandler
                0x00000000000033aa                MWU_IRQHandler
                0x00000000000033aa                TIMER2_IRQHandler
                0x00000000000033aa                COMP_LPCOMP_IRQHandler
                0x00000000000033aa                RTC0_IRQHandler
                0x00000000000033aa                SWI0_EGU0_IRQHandler
                0x00000000000033aa                SWI2_EGU2_IRQHandler
                0x00000000000033aa                PWM1_IRQHandler
                0x00000000000033aa                POWER_CLOCK_IRQHandler
                0x00000000000033aa                RADIO_IRQHandler
                0x00000000000033aa                PDM_IRQHandler
                0x00000000000033aa                TEMP_IRQHandler
                0x00000000000033aa                TIMER3_IRQHandler
 .text.SystemInit
                0x00000000000033ac      0x2f0 _build/nrf52832_xxaa_system_nrf52.c.o
                0x00000000000033ac                SystemInit
 .text          0x000000000000369c      0x370 /Users/anthonyodestro/gcc-arm-none-eabi/bin/../lib/gcc/arm-none-eabi/5.4.1/armv7e-m/fpu/libgcc.a(_arm_addsubdf3.o)
                0x000000000000369c                __aeabi_drsub
                0x00000000000036a4                __subdf3
                0x00000000000036a4                __aeabi_dsub
                0x00000000000036a8                __aeabi_dadd
                0x00000000000036a8                __adddf3
                0x0000000000003920                __aeabi_ui2d
                0x0000000000003920                __floatunsidf
                0x0000000000003940                __floatsidf
                0x0000000000003940                __aeabi_i2d
                0x0000000000003964                __extendsfdf2
                0x0000000000003964                __aeabi_f2d
                0x00000000000039a0                __aeabi_ul2d
                0x00000000000039a0                __floatundidf
                0x00000000000039b0                __aeabi_l2d
                0x00000000000039b0                __floatdidf
 .text          0x0000000000003a0c      0x424 /Users/anthonyodestro/gcc-arm-none-eabi/bin/../lib/gcc/arm-none-eabi/5.4.1/armv7e-m/fpu/libgcc.a(_arm_muldivdf3.o)
                0x0000000000003a0c                __aeabi_dmul
                0x0000000000003a0c                __muldf3
                0x0000000000003c60                __aeabi_ddiv
                0x0000000000003c60                __divdf3
 .text          0x0000000000003e30      0x110 /Users/anthonyodestro/gcc-arm-none-eabi/bin/../lib/gcc/arm-none-eabi/5.4.1/armv7e-m/fpu/libgcc.a(_arm_cmpdf2.o)
                0x0000000000003e30                __gtdf2
                0x0000000000003e30                __gedf2
                0x0000000000003e38                __ltdf2
                0x0000000000003e38                __ledf2
                0x0000000000003e40                __eqdf2
                0x0000000000003e40                __nedf2
                0x0000000000003e40                __cmpdf2
                0x0000000000003ebc                __aeabi_cdrcmple
                0x0000000000003ecc                __aeabi_cdcmple
                0x0000000000003ecc                __aeabi_cdcmpeq
                0x0000000000003edc                __aeabi_dcmpeq
                0x0000000000003ef0                __aeabi_dcmplt
                0x0000000000003f04                __aeabi_dcmple
                0x0000000000003f18                __aeabi_dcmpge
                0x0000000000003f2c                __aeabi_dcmpgt
 .text          0x0000000000003f40       0x2c /Users/anthonyodestro/gcc-arm-none-eabi/bin/../lib/gcc/arm-none-eabi/5.4.1/armv7e-m/fpu/libgcc.a(_arm_unorddf2.o)
                0x0000000000003f40                __aeabi_dcmpun
                0x0000000000003f40                __unorddf2
 .text          0x0000000000003f6c       0x50 /Users/anthonyodestro/gcc-arm-none-eabi/bin/../lib/gcc/arm-none-eabi/5.4.1/armv7e-m/fpu/libgcc.a(_arm_fixdfsi.o)
                0x0000000000003f6c                __fixdfsi
                0x0000000000003f6c                __aeabi_d2iz
 .text          0x0000000000003fbc       0xa0 /Users/anthonyodestro/gcc-arm-none-eabi/bin/../lib/gcc/arm-none-eabi/5.4.1/armv7e-m/fpu/libgcc.a(_arm_truncdfsf2.o)
                0x0000000000003fbc                __aeabi_d2f
                0x0000000000003fbc                __truncdfsf2
 .text.snprintf
                0x000000000000405c       0x64 /Users/anthonyodestro/gcc-arm-none-eabi/bin/../lib/gcc/arm-none-eabi/5.4.1/../../../../arm-none-eabi/lib/armv7e-m/fpu/libc_nano.a(lib_a-snprintf.o)
                0x000000000000405c                snprintf
                0x000000000000405c                sniprintf
 .text.strcpy   0x00000000000040c0       0x10 /Users/anthonyodestro/gcc-arm-none-eabi/bin/../lib/gcc/arm-none-eabi/5.4.1/../../../../arm-none-eabi/lib/armv7e-m/fpu/libc_nano.a(lib_a-strcpy.o)
                0x00000000000040c0                strcpy
 .text.__ssputs_r
                0x00000000000040d0       0xb2 /Users/anthonyodestro/gcc-arm-none-eabi/bin/../lib/gcc/arm-none-eabi/5.4.1/../../../../arm-none-eabi/lib/armv7e-m/fpu/libc_nano.a(lib_a-nano-svfprintf.o)
                0x00000000000040d0                __ssputs_r
 *fill*         0x0000000000004182        0x2 
 .text._svfprintf_r
                0x0000000000004184      0x1e8 /Users/anthonyodestro/gcc-arm-none-eabi/bin/../lib/gcc/arm-none-eabi/5.4.1/../../../../arm-none-eabi/lib/armv7e-m/fpu/libc_nano.a(lib_a-nano-svfprintf.o)
                0x0000000000004184                _svfprintf_r
                0x0000000000004184                _svfiprintf_r
 .text.memmove  0x000000000000436c       0x36 /Users/anthonyodestro/gcc-arm-none-eabi/bin/../lib/gcc/arm-none-eabi/5.4.1/../../../../arm-none-eabi/lib/armv7e-m/fpu/libc_nano.a(lib_a-memmove.o)
                0x000000000000436c                memmove
 .text._realloc_r
                0x00000000000043a2       0x4c /Users/anthonyodestro/gcc-arm-none-eabi/bin/../lib/gcc/arm-none-eabi/5.4.1/../../../../arm-none-eabi/lib/armv7e-m/fpu/libc_nano.a(lib_a-nano-reallocr.o)
                0x00000000000043a2                _realloc_r
 .text._malloc_usable_size_r
                0x00000000000043ee       0x14 /Users/anthonyodestro/gcc-arm-none-eabi/bin/../lib/gcc/arm-none-eabi/5.4.1/../../../../arm-none-eabi/lib/armv7e-m/fpu/libc_nano.a(lib_a-nano-msizer.o)
                0x00000000000043ee                _malloc_usable_size_r
 *(.init)
 *fill*         0x0000000000004402        0x2 
 .init          0x0000000000004404        0x4 /Users/anthonyodestro/gcc-arm-none-eabi/bin/../lib/gcc/arm-none-eabi/5.4.1/armv7e-m/fpu/crti.o
                0x0000000000004404                _init
 .init          0x0000000000004408        0x8 /Users/anthonyodestro/gcc-arm-none-eabi/bin/../lib/gcc/arm-none-eabi/5.4.1/armv7e-m/fpu/crtn.o
 *(.fini)
 .fini          0x0000000000004410        0x4 /Users/anthonyodestro/gcc-arm-none-eabi/bin/../lib/gcc/arm-none-eabi/5.4.1/armv7e-m/fpu/crti.o
                0x0000000000004410                _fini
 .fini          0x0000000000004414        0x8 /Users/anthonyodestro/gcc-arm-none-eabi/bin/../lib/gcc/arm-none-eabi/5.4.1/armv7e-m/fpu/crtn.o
 *crtbegin.o(.ctors)
 *crtbegin?.o(.ctors)
 *(EXCLUDE_FILE(*crtend.o *crtend?.o) .ctors)
 *(SORT(.ctors.*))
 *(.ctors)
 *crtbegin.o(.dtors)
 *crtbegin?.o(.dtors)
 *(EXCLUDE_FILE(*crtend.o *crtend?.o) .dtors)
 *(SORT(.dtors.*))
 *(.dtors)
 *(.rodata*)
 .rodata.str1.1
                0x000000000000441c        0x2 /Users/anthonyodestro/gcc-arm-none-eabi/bin/../lib/gcc/arm-none-eabi/5.4.1/../../../../arm-none-eabi/lib/armv7e-m/fpu/libc_nano.a(lib_a-impure.o)
 *fill*         0x000000000000441e        0x2 
 .rodata._global_impure_ptr
                0x0000000000004420        0x4 /Users/anthonyodestro/gcc-arm-none-eabi/bin/../lib/gcc/arm-none-eabi/5.4.1/../../../../arm-none-eabi/lib/armv7e-m/fpu/libc_nano.a(lib_a-impure.o)
                0x0000000000004420                _global_impure_ptr
 .rodata.str1.1
                0x0000000000004424       0x12 /Users/anthonyodestro/gcc-arm-none-eabi/bin/../lib/gcc/arm-none-eabi/5.4.1/../../../../arm-none-eabi/lib/armv7e-m/fpu/libc_nano.a(lib_a-nano-vfprintf_float.o)
 .rodata.str1.1
                0x0000000000004436       0x22 /Users/anthonyodestro/gcc-arm-none-eabi/bin/../lib/gcc/arm-none-eabi/5.4.1/../../../../arm-none-eabi/lib/armv7e-m/fpu/libc_nano.a(lib_a-nano-vfprintf_i.o)
 .rodata.str1.1
                0x0000000000004458        0xd /Users/anthonyodestro/gcc-arm-none-eabi/bin/../lib/gcc/arm-none-eabi/5.4.1/../../../../arm-none-eabi/lib/armv7e-m/fpu/libc_nano.a(lib_a-dtoa.o)
                                          0xf (size before relaxing)
 .rodata.str1.1
                0x0000000000004465        0x8 /Users/anthonyodestro/gcc-arm-none-eabi/bin/../lib/gcc/arm-none-eabi/5.4.1/../../../../arm-none-eabi/lib/armv7e-m/fpu/libc_nano.a(lib_a-locale.o)
                                          0xb (size before relaxing)
 *fill*         0x000000000000446d        0x3 
 .rodata.p05.5410
                0x0000000000004470        0xc /Users/anthonyodestro/gcc-arm-none-eabi/bin/../lib/gcc/arm-none-eabi/5.4.1/../../../../arm-none-eabi/lib/armv7e-m/fpu/libc_nano.a(lib_a-mprec.o)
 *fill*         0x000000000000447c        0x4 
 .rodata.__mprec_bigtens
                0x0000000000004480       0x28 /Users/anthonyodestro/gcc-arm-none-eabi/bin/../lib/gcc/arm-none-eabi/5.4.1/../../../../arm-none-eabi/lib/armv7e-m/fpu/libc_nano.a(lib_a-mprec.o)
                0x0000000000004480                __mprec_bigtens
 .rodata.__mprec_tens
                0x00000000000044a8       0xc8 /Users/anthonyodestro/gcc-arm-none-eabi/bin/../lib/gcc/arm-none-eabi/5.4.1/../../../../arm-none-eabi/lib/armv7e-m/fpu/libc_nano.a(lib_a-mprec.o)
                0x00000000000044a8                __mprec_tens
 .rodata.str1.4
                0x0000000000004570        0x7 _build/nrf52832_xxaa_nrf_log_backend_serial.c.o
 *fill*         0x0000000000004577        0x1 
 .rodata.str1.4
                0x0000000000004578       0x18 _build/nrf52832_xxaa_app_error_weak.c.o
 .rodata.m_default_config
                0x0000000000004590       0x18 _build/nrf52832_xxaa_nrf_drv_qdec.c.o
 .rodata.str1.4
                0x00000000000045a8      0x1c0 _build/nrf52832_xxaa_main.c.o
 .rodata.str1.4
                0x0000000000004768       0x18 _build/nrf52832_xxaa_SEGGER_RTT.c.o
                                         0x17 (size before relaxing)
 .rodata._ctype_
                0x0000000000004780      0x101 /Users/anthonyodestro/gcc-arm-none-eabi/bin/../lib/gcc/arm-none-eabi/5.4.1/../../../../arm-none-eabi/lib/armv7e-m/fpu/libc_nano.a(lib_a-ctype_.o)
                0x0000000000004780                _ctype_
 .rodata.str1.1
                0x0000000000004881       0x11 /Users/anthonyodestro/gcc-arm-none-eabi/bin/../lib/gcc/arm-none-eabi/5.4.1/../../../../arm-none-eabi/lib/armv7e-m/fpu/libc_nano.a(lib_a-nano-svfprintf.o)
 *(.eh_frame*)
 *fill*         0x0000000000004892        0x2 
 .eh_frame      0x0000000000004894        0x0 /Users/anthonyodestro/gcc-arm-none-eabi/bin/../lib/gcc/arm-none-eabi/5.4.1/armv7e-m/fpu/crtbegin.o
 .eh_frame      0x0000000000004894        0x4 /Users/anthonyodestro/gcc-arm-none-eabi/bin/../lib/gcc/arm-none-eabi/5.4.1/armv7e-m/fpu/crtend.o

.glue_7         0x0000000000004898        0x0
 .glue_7        0x0000000000004898        0x0 linker stubs

.glue_7t        0x0000000000004898        0x0
 .glue_7t       0x0000000000004898        0x0 linker stubs

.vfp11_veneer   0x0000000000004898        0x0
 .vfp11_veneer  0x0000000000004898        0x0 linker stubs

.v4_bx          0x0000000000004898        0x0
 .v4_bx         0x0000000000004898        0x0 linker stubs

.iplt           0x0000000000004898        0x0
 .iplt          0x0000000000004898        0x0 /Users/anthonyodestro/gcc-arm-none-eabi/bin/../lib/gcc/arm-none-eabi/5.4.1/armv7e-m/fpu/crtbegin.o

.ARM.extab
 *(.ARM.extab* .gnu.linkonce.armextab.*)
                0x0000000000004898                __exidx_start = .

.ARM.exidx      0x0000000000004898        0x8
 *(.ARM.exidx* .gnu.linkonce.armexidx.*)
 .ARM.exidx     0x0000000000004898        0x8 /Users/anthonyodestro/gcc-arm-none-eabi/bin/../lib/gcc/arm-none-eabi/5.4.1/../../../../arm-none-eabi/lib/armv7e-m/fpu/crt0.o
                0x00000000000048a0                __exidx_end = .
                0x00000000000048a0                __etext = .

.rel.dyn        0x00000000000048a0        0x0
 .rel.iplt      0x00000000000048a0        0x0 /Users/anthonyodestro/gcc-arm-none-eabi/bin/../lib/gcc/arm-none-eabi/5.4.1/armv7e-m/fpu/crtbegin.o

.data           0x0000000020000000       0xb4 load address 0x00000000000048a0
                0x0000000020000000                __data_start__ = .
 *(vtable)
 *(.data*)
 .data.impure_data
                0x0000000020000000       0x60 /Users/anthonyodestro/gcc-arm-none-eabi/bin/../lib/gcc/arm-none-eabi/5.4.1/../../../../arm-none-eabi/lib/armv7e-m/fpu/libc_nano.a(lib_a-impure.o)
 .data._impure_ptr
                0x0000000020000060        0x4 /Users/anthonyodestro/gcc-arm-none-eabi/bin/../lib/gcc/arm-none-eabi/5.4.1/../../../../arm-none-eabi/lib/armv7e-m/fpu/libc_nano.a(lib_a-impure.o)
                0x0000000020000060                _impure_ptr
 .data.lconv    0x0000000020000064       0x38 /Users/anthonyodestro/gcc-arm-none-eabi/bin/../lib/gcc/arm-none-eabi/5.4.1/../../../../arm-none-eabi/lib/armv7e-m/fpu/libc_nano.a(lib_a-locale.o)
 .data.M_PIx2   0x000000002000009c        0x4 _build/nrf52832_xxaa_main.c.o
                0x000000002000009c                M_PIx2
 .data.SystemCoreClock
                0x00000000200000a0        0x4 _build/nrf52832_xxaa_system_nrf52.c.o
                0x00000000200000a0                SystemCoreClock
 .data.__ctype_ptr__
                0x00000000200000a4        0x4 /Users/anthonyodestro/gcc-arm-none-eabi/bin/../lib/gcc/arm-none-eabi/5.4.1/../../../../arm-none-eabi/lib/armv7e-m/fpu/libc_nano.a(lib_a-ctype_.o)
                0x00000000200000a4                __ctype_ptr__
                0x00000000200000a8                . = ALIGN (0x4)
                0x00000000200000a8                PROVIDE (__preinit_array_start, .)
 *(.preinit_array)
                0x00000000200000a8                PROVIDE (__preinit_array_end, .)
                0x00000000200000a8                . = ALIGN (0x4)
                0x00000000200000a8                PROVIDE (__init_array_start, .)
 *(SORT(.init_array.*))
 *(.init_array)
 .init_array    0x00000000200000a8        0x4 /Users/anthonyodestro/gcc-arm-none-eabi/bin/../lib/gcc/arm-none-eabi/5.4.1/armv7e-m/fpu/crtbegin.o
                0x00000000200000ac                PROVIDE (__init_array_end, .)
                0x00000000200000ac                . = ALIGN (0x4)
                [!provide]                        PROVIDE (__fini_array_start, .)
 *(SORT(.fini_array.*))
 *(.fini_array)
 .fini_array    0x00000000200000ac        0x4 /Users/anthonyodestro/gcc-arm-none-eabi/bin/../lib/gcc/arm-none-eabi/5.4.1/armv7e-m/fpu/crtbegin.o
                [!provide]                        PROVIDE (__fini_array_end, .)
 *(.jcr*)
 .jcr           0x00000000200000b0        0x0 /Users/anthonyodestro/gcc-arm-none-eabi/bin/../lib/gcc/arm-none-eabi/5.4.1/armv7e-m/fpu/crtbegin.o
 .jcr           0x00000000200000b0        0x4 /Users/anthonyodestro/gcc-arm-none-eabi/bin/../lib/gcc/arm-none-eabi/5.4.1/armv7e-m/fpu/crtend.o
                0x00000000200000b4                . = ALIGN (0x4)
                0x00000000200000b4                __data_end__ = .
LOAD /Users/anthonyodestro/gcc-arm-none-eabi/bin/../lib/gcc/arm-none-eabi/5.4.1/armv7e-m/fpu/crti.o
LOAD /Users/anthonyodestro/gcc-arm-none-eabi/bin/../lib/gcc/arm-none-eabi/5.4.1/armv7e-m/fpu/crtbegin.o
LOAD /Users/anthonyodestro/gcc-arm-none-eabi/bin/../lib/gcc/arm-none-eabi/5.4.1/../../../../arm-none-eabi/lib/armv7e-m/fpu/crt0.o
LOAD /Users/anthonyodestro/gcc-arm-none-eabi/bin/../lib/gcc/arm-none-eabi/5.4.1/../../../../arm-none-eabi/lib/armv7e-m/fpu/libc_nano.a
LOAD /Users/anthonyodestro/gcc-arm-none-eabi/bin/../lib/gcc/arm-none-eabi/5.4.1/../../../../arm-none-eabi/lib/armv7e-m/fpu/libnosys.a
LOAD _build/nrf52832_xxaa_nrf_log_backend_serial.c.o
LOAD _build/nrf52832_xxaa_nrf_log_frontend.c.o
LOAD _build/nrf52832_xxaa_app_error.c.o
LOAD _build/nrf52832_xxaa_app_error_weak.c.o
LOAD _build/nrf52832_xxaa_app_util_platform.c.o
LOAD _build/nrf52832_xxaa_nrf_assert.c.o
LOAD _build/nrf52832_xxaa_sdk_errors.c.o
LOAD _build/nrf52832_xxaa_boards.c.o
LOAD _build/nrf52832_xxaa_nrf_drv_common.c.o
LOAD _build/nrf52832_xxaa_nrf_drv_gpiote.c.o
LOAD _build/nrf52832_xxaa_nrf_drv_qdec.c.o
LOAD _build/nrf52832_xxaa_nrf_drv_uart.c.o
LOAD _build/nrf52832_xxaa_main.c.o
LOAD _build/nrf52832_xxaa_RTT_Syscalls_GCC.c.o
LOAD _build/nrf52832_xxaa_SEGGER_RTT.c.o
LOAD _build/nrf52832_xxaa_SEGGER_RTT_printf.c.o
LOAD _build/nrf52832_xxaa_gcc_startup_nrf52.S.o
LOAD _build/nrf52832_xxaa_system_nrf52.c.o
LOAD /Users/anthonyodestro/gcc-arm-none-eabi/bin/../lib/gcc/arm-none-eabi/5.4.1/../../../../arm-none-eabi/lib/armv7e-m/fpu/libm.a
START GROUP
LOAD /Users/anthonyodestro/gcc-arm-none-eabi/bin/../lib/gcc/arm-none-eabi/5.4.1/armv7e-m/fpu/libgcc.a
LOAD /Users/anthonyodestro/gcc-arm-none-eabi/bin/../lib/gcc/arm-none-eabi/5.4.1/../../../../arm-none-eabi/lib/armv7e-m/fpu/libc_nano.a
END GROUP
START GROUP
LOAD /Users/anthonyodestro/gcc-arm-none-eabi/bin/../lib/gcc/arm-none-eabi/5.4.1/armv7e-m/fpu/libgcc.a
LOAD /Users/anthonyodestro/gcc-arm-none-eabi/bin/../lib/gcc/arm-none-eabi/5.4.1/../../../../arm-none-eabi/lib/armv7e-m/fpu/libc_nano.a
END GROUP
LOAD /Users/anthonyodestro/gcc-arm-none-eabi/bin/../lib/gcc/arm-none-eabi/5.4.1/armv7e-m/fpu/crtend.o
LOAD /Users/anthonyodestro/gcc-arm-none-eabi/bin/../lib/gcc/arm-none-eabi/5.4.1/armv7e-m/fpu/crtn.o
START GROUP
LOAD /Users/anthonyodestro/gcc-arm-none-eabi/bin/../lib/gcc/arm-none-eabi/5.4.1/armv7e-m/fpu/libgcc.a
LOAD /Users/anthonyodestro/gcc-arm-none-eabi/bin/../lib/gcc/arm-none-eabi/5.4.1/../../../../arm-none-eabi/lib/armv7e-m/fpu/libc.a
LOAD /Users/anthonyodestro/gcc-arm-none-eabi/bin/../lib/gcc/arm-none-eabi/5.4.1/../../../../arm-none-eabi/lib/armv7e-m/fpu/libnosys.a
END GROUP

.igot.plt       0x00000000200000b4        0x0 load address 0x0000000000004954
 .igot.plt      0x00000000200000b4        0x0 /Users/anthonyodestro/gcc-arm-none-eabi/bin/../lib/gcc/arm-none-eabi/5.4.1/armv7e-m/fpu/crtbegin.o

.fs_data        0x00000000200000b4        0x0
                [!provide]                        PROVIDE (__start_fs_data, .)
 *(.fs_data)
                [!provide]                        PROVIDE (__stop_fs_data, .)

.pwr_mgmt_data  0x00000000200000b4        0x0
                [!provide]                        PROVIDE (__start_pwr_mgmt_data, .)
 *(.pwr_mgmt_data)
                [!provide]                        PROVIDE (__stop_pwr_mgmt_data, .)

.bss            0x00000000200000b4      0x350 load address 0x0000000000004954
                0x00000000200000b4                . = ALIGN (0x4)
                0x00000000200000b4                __bss_start__ = .
 *(.bss*)
 .bss           0x00000000200000b4       0x1c /Users/anthonyodestro/gcc-arm-none-eabi/bin/../lib/gcc/arm-none-eabi/5.4.1/armv7e-m/fpu/crtbegin.o
 .bss.__malloc_sbrk_start
                0x00000000200000d0        0x4 /Users/anthonyodestro/gcc-arm-none-eabi/bin/../lib/gcc/arm-none-eabi/5.4.1/../../../../arm-none-eabi/lib/armv7e-m/fpu/libc_nano.a(lib_a-nano-mallocr.o)
                0x00000000200000d0                __malloc_sbrk_start
 .bss.__malloc_free_list
                0x00000000200000d4        0x4 /Users/anthonyodestro/gcc-arm-none-eabi/bin/../lib/gcc/arm-none-eabi/5.4.1/../../../../arm-none-eabi/lib/armv7e-m/fpu/libc_nano.a(lib_a-nano-mallocr.o)
                0x00000000200000d4                __malloc_free_list
 .bss.heap_end.4169
                0x00000000200000d8        0x4 /Users/anthonyodestro/gcc-arm-none-eabi/bin/../lib/gcc/arm-none-eabi/5.4.1/../../../../arm-none-eabi/lib/armv7e-m/fpu/libnosys.a(sbrk.o)
 .bss.m_blocking_mode
                0x00000000200000dc        0x1 _build/nrf52832_xxaa_nrf_log_backend_serial.c.o
 .bss.m_initialized
                0x00000000200000dd        0x1 _build/nrf52832_xxaa_nrf_log_backend_serial.c.o
 *fill*         0x00000000200000de        0x2 
 .bss.m_log_data
                0x00000000200000e0       0x1c _build/nrf52832_xxaa_nrf_log_frontend.c.o
 .bss.m_cb      0x00000000200000fc       0x48 _build/nrf52832_xxaa_nrf_drv_gpiote.c.o
 .bss.m_qdec_event_handler
                0x0000000020000144        0x4 _build/nrf52832_xxaa_nrf_drv_qdec.c.o
 .bss.m_state   0x0000000020000148        0x1 _build/nrf52832_xxaa_nrf_drv_qdec.c.o
 *fill*         0x0000000020000149        0x3 
 .bss.m_cb      0x000000002000014c       0x20 _build/nrf52832_xxaa_nrf_drv_uart.c.o
 .bss.m_accread
                0x000000002000016c        0x4 _build/nrf52832_xxaa_main.c.o
 .bss.m_accdblread
                0x0000000020000170        0x4 _build/nrf52832_xxaa_main.c.o
 .bss.m_report_ready_flag
                0x0000000020000174        0x1 _build/nrf52832_xxaa_main.c.o
 *fill*         0x0000000020000175        0x3 
 .bss._acDownBuffer
                0x0000000020000178       0x10 _build/nrf52832_xxaa_SEGGER_RTT.c.o
 .bss._acUpBuffer
                0x0000000020000188      0x200 _build/nrf52832_xxaa_SEGGER_RTT.c.o
 *(COMMON)
 COMMON         0x0000000020000388        0x4 /Users/anthonyodestro/gcc-arm-none-eabi/bin/../lib/gcc/arm-none-eabi/5.4.1/../../../../arm-none-eabi/lib/armv7e-m/fpu/libc_nano.a(lib_a-reent.o)
                0x0000000020000388                errno
 COMMON         0x000000002000038c       0x78 _build/nrf52832_xxaa_SEGGER_RTT.c.o
                0x000000002000038c                _SEGGER_RTT
                0x0000000020000404                . = ALIGN (0x4)
                0x0000000020000404                __bss_end__ = .

.heap           0x0000000020000408     0x2000
                0x0000000020000408                __HeapBase = .
                0x0000000020000408                __end__ = .
                0x0000000020000408                PROVIDE (end, .)
 *(.heap*)
 .heap          0x0000000020000408     0x2000 _build/nrf52832_xxaa_gcc_startup_nrf52.S.o
                0x0000000020002408                __HeapLimit = .

.stack_dummy    0x0000000020000408     0x2000
 *(.stack*)
 .stack         0x0000000020000408     0x2000 _build/nrf52832_xxaa_gcc_startup_nrf52.S.o
                0x0000000020010000                __StackTop = (ORIGIN (RAM) + LENGTH (RAM))
                0x000000002000e000                __StackLimit = (__StackTop - SIZEOF (.stack_dummy))
                0x0000000020010000                PROVIDE (__stack, __StackTop)
                0x0000000000000001                ASSERT ((__StackLimit >= __HeapLimit), region RAM overflowed with stack)
OUTPUT(_build/nrf52832_xxaa.out elf32-littlearm)

.ARM.attributes
                0x0000000000000000       0x30
 .ARM.attributes
                0x0000000000000000       0x22 /Users/anthonyodestro/gcc-arm-none-eabi/bin/../lib/gcc/arm-none-eabi/5.4.1/armv7e-m/fpu/crti.o
 .ARM.attributes
                0x0000000000000022       0x34 /Users/anthonyodestro/gcc-arm-none-eabi/bin/../lib/gcc/arm-none-eabi/5.4.1/armv7e-m/fpu/crtbegin.o
 .ARM.attributes
                0x0000000000000056       0x20 /Users/anthonyodestro/gcc-arm-none-eabi/bin/../lib/gcc/arm-none-eabi/5.4.1/../../../../arm-none-eabi/lib/armv7e-m/fpu/crt0.o
 .ARM.attributes
                0x0000000000000076       0x34 /Users/anthonyodestro/gcc-arm-none-eabi/bin/../lib/gcc/arm-none-eabi/5.4.1/../../../../arm-none-eabi/lib/armv7e-m/fpu/libc_nano.a(lib_a-exit.o)
 .ARM.attributes
                0x00000000000000aa       0x34 /Users/anthonyodestro/gcc-arm-none-eabi/bin/../lib/gcc/arm-none-eabi/5.4.1/../../../../arm-none-eabi/lib/armv7e-m/fpu/libc_nano.a(lib_a-impure.o)
 .ARM.attributes
                0x00000000000000de       0x34 /Users/anthonyodestro/gcc-arm-none-eabi/bin/../lib/gcc/arm-none-eabi/5.4.1/../../../../arm-none-eabi/lib/armv7e-m/fpu/libc_nano.a(lib_a-init.o)
 .ARM.attributes
                0x0000000000000112       0x34 /Users/anthonyodestro/gcc-arm-none-eabi/bin/../lib/gcc/arm-none-eabi/5.4.1/../../../../arm-none-eabi/lib/armv7e-m/fpu/libc_nano.a(lib_a-memset.o)
 .ARM.attributes
                0x0000000000000146       0x34 /Users/anthonyodestro/gcc-arm-none-eabi/bin/../lib/gcc/arm-none-eabi/5.4.1/../../../../arm-none-eabi/lib/armv7e-m/fpu/libc_nano.a(lib_a-nano-vfprintf_float.o)
 .ARM.attributes
                0x000000000000017a       0x34 /Users/anthonyodestro/gcc-arm-none-eabi/bin/../lib/gcc/arm-none-eabi/5.4.1/../../../../arm-none-eabi/lib/armv7e-m/fpu/libc_nano.a(lib_a-nano-vfprintf_i.o)
 .ARM.attributes
                0x00000000000001ae       0x1b /Users/anthonyodestro/gcc-arm-none-eabi/bin/../lib/gcc/arm-none-eabi/5.4.1/../../../../arm-none-eabi/lib/armv7e-m/fpu/libc_nano.a(lib_a-strlen.o)
 .ARM.attributes
                0x00000000000001c9       0x34 /Users/anthonyodestro/gcc-arm-none-eabi/bin/../lib/gcc/arm-none-eabi/5.4.1/../../../../arm-none-eabi/lib/armv7e-m/fpu/libc_nano.a(lib_a-dtoa.o)
 .ARM.attributes
                0x00000000000001fd       0x34 /Users/anthonyodestro/gcc-arm-none-eabi/bin/../lib/gcc/arm-none-eabi/5.4.1/../../../../arm-none-eabi/lib/armv7e-m/fpu/libc_nano.a(lib_a-locale.o)
 .ARM.attributes
                0x0000000000000231       0x34 /Users/anthonyodestro/gcc-arm-none-eabi/bin/../lib/gcc/arm-none-eabi/5.4.1/../../../../arm-none-eabi/lib/armv7e-m/fpu/libc_nano.a(lib_a-malloc.o)
 .ARM.attributes
                0x0000000000000265       0x20 /Users/anthonyodestro/gcc-arm-none-eabi/bin/../lib/gcc/arm-none-eabi/5.4.1/../../../../arm-none-eabi/lib/armv7e-m/fpu/libc_nano.a(lib_a-memchr.o)
 .ARM.attributes
                0x0000000000000285       0x34 /Users/anthonyodestro/gcc-arm-none-eabi/bin/../lib/gcc/arm-none-eabi/5.4.1/../../../../arm-none-eabi/lib/armv7e-m/fpu/libc_nano.a(lib_a-memcpy-stub.o)
 .ARM.attributes
                0x00000000000002b9       0x34 /Users/anthonyodestro/gcc-arm-none-eabi/bin/../lib/gcc/arm-none-eabi/5.4.1/../../../../arm-none-eabi/lib/armv7e-m/fpu/libc_nano.a(lib_a-mprec.o)
 .ARM.attributes
                0x00000000000002ed       0x34 /Users/anthonyodestro/gcc-arm-none-eabi/bin/../lib/gcc/arm-none-eabi/5.4.1/../../../../arm-none-eabi/lib/armv7e-m/fpu/libc_nano.a(lib_a-nano-callocr.o)
 .ARM.attributes
                0x0000000000000321       0x34 /Users/anthonyodestro/gcc-arm-none-eabi/bin/../lib/gcc/arm-none-eabi/5.4.1/../../../../arm-none-eabi/lib/armv7e-m/fpu/libc_nano.a(lib_a-nano-freer.o)
 .ARM.attributes
                0x0000000000000355       0x34 /Users/anthonyodestro/gcc-arm-none-eabi/bin/../lib/gcc/arm-none-eabi/5.4.1/../../../../arm-none-eabi/lib/armv7e-m/fpu/libc_nano.a(lib_a-nano-mallocr.o)
 .ARM.attributes
                0x0000000000000389       0x34 /Users/anthonyodestro/gcc-arm-none-eabi/bin/../lib/gcc/arm-none-eabi/5.4.1/../../../../arm-none-eabi/lib/armv7e-m/fpu/libc_nano.a(lib_a-sbrkr.o)
 .ARM.attributes
                0x00000000000003bd       0x34 /Users/anthonyodestro/gcc-arm-none-eabi/bin/../lib/gcc/arm-none-eabi/5.4.1/../../../../arm-none-eabi/lib/armv7e-m/fpu/libc_nano.a(lib_a-mlock.o)
 .ARM.attributes
                0x00000000000003f1       0x34 /Users/anthonyodestro/gcc-arm-none-eabi/bin/../lib/gcc/arm-none-eabi/5.4.1/../../../../arm-none-eabi/lib/armv7e-m/fpu/libc_nano.a(lib_a-reent.o)
 .ARM.attributes
                0x0000000000000425       0x34 /Users/anthonyodestro/gcc-arm-none-eabi/bin/../lib/gcc/arm-none-eabi/5.4.1/../../../../arm-none-eabi/lib/armv7e-m/fpu/libnosys.a(sbrk.o)
 .ARM.attributes
                0x0000000000000459       0x34 /Users/anthonyodestro/gcc-arm-none-eabi/bin/../lib/gcc/arm-none-eabi/5.4.1/../../../../arm-none-eabi/lib/armv7e-m/fpu/libnosys.a(_exit.o)
 .ARM.attributes
                0x000000000000048d       0x39 _build/nrf52832_xxaa_nrf_log_backend_serial.c.o
 .ARM.attributes
                0x00000000000004c6       0x39 _build/nrf52832_xxaa_nrf_log_frontend.c.o
 .ARM.attributes
                0x00000000000004ff       0x39 _build/nrf52832_xxaa_app_error.c.o
 .ARM.attributes
                0x0000000000000538       0x39 _build/nrf52832_xxaa_app_error_weak.c.o
 .ARM.attributes
                0x0000000000000571       0x39 _build/nrf52832_xxaa_nrf_drv_common.c.o
 .ARM.attributes
                0x00000000000005aa       0x39 _build/nrf52832_xxaa_nrf_drv_gpiote.c.o
 .ARM.attributes
                0x00000000000005e3       0x39 _build/nrf52832_xxaa_nrf_drv_qdec.c.o
 .ARM.attributes
                0x000000000000061c       0x39 _build/nrf52832_xxaa_nrf_drv_uart.c.o
 .ARM.attributes
                0x0000000000000655       0x39 _build/nrf52832_xxaa_main.c.o
 .ARM.attributes
                0x000000000000068e       0x39 _build/nrf52832_xxaa_SEGGER_RTT.c.o
 .ARM.attributes
                0x00000000000006c7       0x1c _build/nrf52832_xxaa_gcc_startup_nrf52.S.o
 .ARM.attributes
                0x00000000000006e3       0x39 _build/nrf52832_xxaa_system_nrf52.c.o
 .ARM.attributes
                0x000000000000071c       0x22 /Users/anthonyodestro/gcc-arm-none-eabi/bin/../lib/gcc/arm-none-eabi/5.4.1/armv7e-m/fpu/libgcc.a(_arm_addsubdf3.o)
 .ARM.attributes
                0x000000000000073e       0x22 /Users/anthonyodestro/gcc-arm-none-eabi/bin/../lib/gcc/arm-none-eabi/5.4.1/armv7e-m/fpu/libgcc.a(_arm_muldivdf3.o)
 .ARM.attributes
                0x0000000000000760       0x22 /Users/anthonyodestro/gcc-arm-none-eabi/bin/../lib/gcc/arm-none-eabi/5.4.1/armv7e-m/fpu/libgcc.a(_arm_cmpdf2.o)
 .ARM.attributes
                0x0000000000000782       0x22 /Users/anthonyodestro/gcc-arm-none-eabi/bin/../lib/gcc/arm-none-eabi/5.4.1/armv7e-m/fpu/libgcc.a(_arm_unorddf2.o)
 .ARM.attributes
                0x00000000000007a4       0x22 /Users/anthonyodestro/gcc-arm-none-eabi/bin/../lib/gcc/arm-none-eabi/5.4.1/armv7e-m/fpu/libgcc.a(_arm_fixdfsi.o)
 .ARM.attributes
                0x00000000000007c6       0x22 /Users/anthonyodestro/gcc-arm-none-eabi/bin/../lib/gcc/arm-none-eabi/5.4.1/armv7e-m/fpu/libgcc.a(_arm_truncdfsf2.o)
 .ARM.attributes
                0x00000000000007e8       0x34 /Users/anthonyodestro/gcc-arm-none-eabi/bin/../lib/gcc/arm-none-eabi/5.4.1/../../../../arm-none-eabi/lib/armv7e-m/fpu/libc_nano.a(lib_a-ctype_.o)
 .ARM.attributes
                0x000000000000081c       0x34 /Users/anthonyodestro/gcc-arm-none-eabi/bin/../lib/gcc/arm-none-eabi/5.4.1/../../../../arm-none-eabi/lib/armv7e-m/fpu/libc_nano.a(lib_a-snprintf.o)
 .ARM.attributes
                0x0000000000000850       0x34 /Users/anthonyodestro/gcc-arm-none-eabi/bin/../lib/gcc/arm-none-eabi/5.4.1/../../../../arm-none-eabi/lib/armv7e-m/fpu/libc_nano.a(lib_a-strcpy.o)
 .ARM.attributes
                0x0000000000000884       0x34 /Users/anthonyodestro/gcc-arm-none-eabi/bin/../lib/gcc/arm-none-eabi/5.4.1/../../../../arm-none-eabi/lib/armv7e-m/fpu/libc_nano.a(lib_a-nano-svfprintf.o)
 .ARM.attributes
                0x00000000000008b8       0x34 /Users/anthonyodestro/gcc-arm-none-eabi/bin/../lib/gcc/arm-none-eabi/5.4.1/../../../../arm-none-eabi/lib/armv7e-m/fpu/libc_nano.a(lib_a-memmove.o)
 .ARM.attributes
                0x00000000000008ec       0x34 /Users/anthonyodestro/gcc-arm-none-eabi/bin/../lib/gcc/arm-none-eabi/5.4.1/../../../../arm-none-eabi/lib/armv7e-m/fpu/libc_nano.a(lib_a-nano-reallocr.o)
 .ARM.attributes
                0x0000000000000920       0x34 /Users/anthonyodestro/gcc-arm-none-eabi/bin/../lib/gcc/arm-none-eabi/5.4.1/../../../../arm-none-eabi/lib/armv7e-m/fpu/libc_nano.a(lib_a-nano-msizer.o)
 .ARM.attributes
                0x0000000000000954       0x34 /Users/anthonyodestro/gcc-arm-none-eabi/bin/../lib/gcc/arm-none-eabi/5.4.1/armv7e-m/fpu/crtend.o
 .ARM.attributes
                0x0000000000000988       0x22 /Users/anthonyodestro/gcc-arm-none-eabi/bin/../lib/gcc/arm-none-eabi/5.4.1/armv7e-m/fpu/crtn.o

.comment        0x0000000000000000       0x6e
 .comment       0x0000000000000000       0x6e _build/nrf52832_xxaa_nrf_log_backend_serial.c.o
                                         0x6f (size before relaxing)
 .comment       0x000000000000006e       0x6f _build/nrf52832_xxaa_nrf_log_frontend.c.o
 .comment       0x000000000000006e       0x6f _build/nrf52832_xxaa_app_error.c.o
 .comment       0x000000000000006e       0x6f _build/nrf52832_xxaa_app_error_weak.c.o
 .comment       0x000000000000006e       0x6f _build/nrf52832_xxaa_nrf_drv_common.c.o
 .comment       0x000000000000006e       0x6f _build/nrf52832_xxaa_nrf_drv_gpiote.c.o
 .comment       0x000000000000006e       0x6f _build/nrf52832_xxaa_nrf_drv_qdec.c.o
 .comment       0x000000000000006e       0x6f _build/nrf52832_xxaa_nrf_drv_uart.c.o
 .comment       0x000000000000006e       0x6f _build/nrf52832_xxaa_main.c.o
 .comment       0x000000000000006e       0x6f _build/nrf52832_xxaa_SEGGER_RTT.c.o
 .comment       0x000000000000006e       0x6f _build/nrf52832_xxaa_system_nrf52.c.o

.debug_frame    0x0000000000000000     0x141c
 .debug_frame   0x0000000000000000       0x28 /Users/anthonyodestro/gcc-arm-none-eabi/bin/../lib/gcc/arm-none-eabi/5.4.1/../../../../arm-none-eabi/lib/armv7e-m/fpu/libc_nano.a(lib_a-exit.o)
 .debug_frame   0x0000000000000028       0x2c /Users/anthonyodestro/gcc-arm-none-eabi/bin/../lib/gcc/arm-none-eabi/5.4.1/../../../../arm-none-eabi/lib/armv7e-m/fpu/libc_nano.a(lib_a-init.o)
 .debug_frame   0x0000000000000054       0x20 /Users/anthonyodestro/gcc-arm-none-eabi/bin/../lib/gcc/arm-none-eabi/5.4.1/../../../../arm-none-eabi/lib/armv7e-m/fpu/libc_nano.a(lib_a-memset.o)
 .debug_frame   0x0000000000000074       0x88 /Users/anthonyodestro/gcc-arm-none-eabi/bin/../lib/gcc/arm-none-eabi/5.4.1/../../../../arm-none-eabi/lib/armv7e-m/fpu/libc_nano.a(lib_a-nano-vfprintf_float.o)
 .debug_frame   0x00000000000000fc       0x60 /Users/anthonyodestro/gcc-arm-none-eabi/bin/../lib/gcc/arm-none-eabi/5.4.1/../../../../arm-none-eabi/lib/armv7e-m/fpu/libc_nano.a(lib_a-nano-vfprintf_i.o)
 .debug_frame   0x000000000000015c       0x6c /Users/anthonyodestro/gcc-arm-none-eabi/bin/../lib/gcc/arm-none-eabi/5.4.1/../../../../arm-none-eabi/lib/armv7e-m/fpu/libc_nano.a(lib_a-dtoa.o)
 .debug_frame   0x00000000000001c8       0x98 /Users/anthonyodestro/gcc-arm-none-eabi/bin/../lib/gcc/arm-none-eabi/5.4.1/../../../../arm-none-eabi/lib/armv7e-m/fpu/libc_nano.a(lib_a-locale.o)
 .debug_frame   0x0000000000000260       0x30 /Users/anthonyodestro/gcc-arm-none-eabi/bin/../lib/gcc/arm-none-eabi/5.4.1/../../../../arm-none-eabi/lib/armv7e-m/fpu/libc_nano.a(lib_a-malloc.o)
 .debug_frame   0x0000000000000290       0x28 /Users/anthonyodestro/gcc-arm-none-eabi/bin/../lib/gcc/arm-none-eabi/5.4.1/../../../../arm-none-eabi/lib/armv7e-m/fpu/libc_nano.a(lib_a-memcpy-stub.o)
 .debug_frame   0x00000000000002b8      0x238 /Users/anthonyodestro/gcc-arm-none-eabi/bin/../lib/gcc/arm-none-eabi/5.4.1/../../../../arm-none-eabi/lib/armv7e-m/fpu/libc_nano.a(lib_a-mprec.o)
 .debug_frame   0x00000000000004f0       0x2c /Users/anthonyodestro/gcc-arm-none-eabi/bin/../lib/gcc/arm-none-eabi/5.4.1/../../../../arm-none-eabi/lib/armv7e-m/fpu/libc_nano.a(lib_a-nano-callocr.o)
 .debug_frame   0x000000000000051c       0x38 /Users/anthonyodestro/gcc-arm-none-eabi/bin/../lib/gcc/arm-none-eabi/5.4.1/../../../../arm-none-eabi/lib/armv7e-m/fpu/libc_nano.a(lib_a-nano-freer.o)
 .debug_frame   0x0000000000000554       0x2c /Users/anthonyodestro/gcc-arm-none-eabi/bin/../lib/gcc/arm-none-eabi/5.4.1/../../../../arm-none-eabi/lib/armv7e-m/fpu/libc_nano.a(lib_a-nano-mallocr.o)
 .debug_frame   0x0000000000000580       0x2c /Users/anthonyodestro/gcc-arm-none-eabi/bin/../lib/gcc/arm-none-eabi/5.4.1/../../../../arm-none-eabi/lib/armv7e-m/fpu/libc_nano.a(lib_a-sbrkr.o)
 .debug_frame   0x00000000000005ac       0x30 /Users/anthonyodestro/gcc-arm-none-eabi/bin/../lib/gcc/arm-none-eabi/5.4.1/../../../../arm-none-eabi/lib/armv7e-m/fpu/libc_nano.a(lib_a-mlock.o)
 .debug_frame   0x00000000000005dc       0x5c /Users/anthonyodestro/gcc-arm-none-eabi/bin/../lib/gcc/arm-none-eabi/5.4.1/../../../../arm-none-eabi/lib/armv7e-m/fpu/libc_nano.a(lib_a-reent.o)
 .debug_frame   0x0000000000000638       0x20 /Users/anthonyodestro/gcc-arm-none-eabi/bin/../lib/gcc/arm-none-eabi/5.4.1/../../../../arm-none-eabi/lib/armv7e-m/fpu/libnosys.a(sbrk.o)
 .debug_frame   0x0000000000000658       0x20 /Users/anthonyodestro/gcc-arm-none-eabi/bin/../lib/gcc/arm-none-eabi/5.4.1/../../../../arm-none-eabi/lib/armv7e-m/fpu/libnosys.a(_exit.o)
 .debug_frame   0x0000000000000678       0xc4 _build/nrf52832_xxaa_nrf_log_backend_serial.c.o
 .debug_frame   0x000000000000073c      0x1dc _build/nrf52832_xxaa_nrf_log_frontend.c.o
 .debug_frame   0x0000000000000918       0x70 _build/nrf52832_xxaa_app_error.c.o
 .debug_frame   0x0000000000000988       0x28 _build/nrf52832_xxaa_app_error_weak.c.o
 .debug_frame   0x00000000000009b0       0x2c _build/nrf52832_xxaa_nrf_drv_common.c.o
 .debug_frame   0x00000000000009dc      0x270 _build/nrf52832_xxaa_nrf_drv_gpiote.c.o
 .debug_frame   0x0000000000000c4c       0xd8 _build/nrf52832_xxaa_nrf_drv_qdec.c.o
 .debug_frame   0x0000000000000d24      0x1b0 _build/nrf52832_xxaa_nrf_drv_uart.c.o
 .debug_frame   0x0000000000000ed4       0x80 _build/nrf52832_xxaa_main.c.o
 .debug_frame   0x0000000000000f54      0x2d8 _build/nrf52832_xxaa_SEGGER_RTT.c.o
 .debug_frame   0x000000000000122c       0x48 _build/nrf52832_xxaa_system_nrf52.c.o
 .debug_frame   0x0000000000001274       0x74 /Users/anthonyodestro/gcc-arm-none-eabi/bin/../lib/gcc/arm-none-eabi/5.4.1/../../../../arm-none-eabi/lib/armv7e-m/fpu/libc_nano.a(lib_a-snprintf.o)
 .debug_frame   0x00000000000012e8       0x20 /Users/anthonyodestro/gcc-arm-none-eabi/bin/../lib/gcc/arm-none-eabi/5.4.1/../../../../arm-none-eabi/lib/armv7e-m/fpu/libc_nano.a(lib_a-strcpy.o)
 .debug_frame   0x0000000000001308       0x90 /Users/anthonyodestro/gcc-arm-none-eabi/bin/../lib/gcc/arm-none-eabi/5.4.1/../../../../arm-none-eabi/lib/armv7e-m/fpu/libc_nano.a(lib_a-nano-svfprintf.o)
 .debug_frame   0x0000000000001398       0x28 /Users/anthonyodestro/gcc-arm-none-eabi/bin/../lib/gcc/arm-none-eabi/5.4.1/../../../../arm-none-eabi/lib/armv7e-m/fpu/libc_nano.a(lib_a-memmove.o)
 .debug_frame   0x00000000000013c0       0x3c /Users/anthonyodestro/gcc-arm-none-eabi/bin/../lib/gcc/arm-none-eabi/5.4.1/../../../../arm-none-eabi/lib/armv7e-m/fpu/libc_nano.a(lib_a-nano-reallocr.o)
 .debug_frame   0x00000000000013fc       0x20 /Users/anthonyodestro/gcc-arm-none-eabi/bin/../lib/gcc/arm-none-eabi/5.4.1/../../../../arm-none-eabi/lib/armv7e-m/fpu/libc_nano.a(lib_a-nano-msizer.o)

.debug_info     0x0000000000000000     0xdd95
 .debug_info    0x0000000000000000      0xa89 _build/nrf52832_xxaa_nrf_log_backend_serial.c.o
 .debug_info    0x0000000000000a89      0xf9e _build/nrf52832_xxaa_nrf_log_frontend.c.o
 .debug_info    0x0000000000001a27      0x34f _build/nrf52832_xxaa_app_error.c.o
 .debug_info    0x0000000000001d76      0x35a _build/nrf52832_xxaa_app_error_weak.c.o
 .debug_info    0x00000000000020d0      0x5fb _build/nrf52832_xxaa_nrf_drv_common.c.o
 .debug_info    0x00000000000026cb     0x2772 _build/nrf52832_xxaa_nrf_drv_gpiote.c.o
 .debug_info    0x0000000000004e3d     0x145a _build/nrf52832_xxaa_nrf_drv_qdec.c.o
 .debug_info    0x0000000000006297     0x42f8 _build/nrf52832_xxaa_nrf_drv_uart.c.o
 .debug_info    0x000000000000a58f      0x6ad _build/nrf52832_xxaa_main.c.o
 .debug_info    0x000000000000ac3c     0x2353 _build/nrf52832_xxaa_SEGGER_RTT.c.o
 .debug_info    0x000000000000cf8f      0xe06 _build/nrf52832_xxaa_system_nrf52.c.o

.debug_abbrev   0x0000000000000000     0x1d3a
 .debug_abbrev  0x0000000000000000      0x2f4 _build/nrf52832_xxaa_nrf_log_backend_serial.c.o
 .debug_abbrev  0x00000000000002f4      0x32d _build/nrf52832_xxaa_nrf_log_frontend.c.o
 .debug_abbrev  0x0000000000000621      0x13a _build/nrf52832_xxaa_app_error.c.o
 .debug_abbrev  0x000000000000075b      0x155 _build/nrf52832_xxaa_app_error_weak.c.o
 .debug_abbrev  0x00000000000008b0      0x191 _build/nrf52832_xxaa_nrf_drv_common.c.o
 .debug_abbrev  0x0000000000000a41      0x453 _build/nrf52832_xxaa_nrf_drv_gpiote.c.o
 .debug_abbrev  0x0000000000000e94      0x3a0 _build/nrf52832_xxaa_nrf_drv_qdec.c.o
 .debug_abbrev  0x0000000000001234      0x408 _build/nrf52832_xxaa_nrf_drv_uart.c.o
 .debug_abbrev  0x000000000000163c      0x244 _build/nrf52832_xxaa_main.c.o
 .debug_abbrev  0x0000000000001880      0x2d3 _build/nrf52832_xxaa_SEGGER_RTT.c.o
 .debug_abbrev  0x0000000000001b53      0x1e7 _build/nrf52832_xxaa_system_nrf52.c.o

.debug_loc      0x0000000000000000     0xa5d3
 .debug_loc     0x0000000000000000     0x10d7 _build/nrf52832_xxaa_nrf_log_backend_serial.c.o
 .debug_loc     0x00000000000010d7      0xf3a _build/nrf52832_xxaa_nrf_log_frontend.c.o
 .debug_loc     0x0000000000002011      0x145 _build/nrf52832_xxaa_app_error.c.o
 .debug_loc     0x0000000000002156       0x63 _build/nrf52832_xxaa_app_error_weak.c.o
 .debug_loc     0x00000000000021b9       0xd6 _build/nrf52832_xxaa_nrf_drv_common.c.o
 .debug_loc     0x000000000000228f     0x1d9d _build/nrf52832_xxaa_nrf_drv_gpiote.c.o
 .debug_loc     0x000000000000402c      0x3b6 _build/nrf52832_xxaa_nrf_drv_qdec.c.o
 .debug_loc     0x00000000000043e2     0x26cf _build/nrf52832_xxaa_nrf_drv_uart.c.o
 .debug_loc     0x0000000000006ab1       0xff _build/nrf52832_xxaa_main.c.o
 .debug_loc     0x0000000000006bb0     0x3a23 _build/nrf52832_xxaa_SEGGER_RTT.c.o

.debug_aranges  0x0000000000000000      0x3e8
 .debug_aranges
                0x0000000000000000       0x48 _build/nrf52832_xxaa_nrf_log_backend_serial.c.o
 .debug_aranges
                0x0000000000000048       0x98 _build/nrf52832_xxaa_nrf_log_frontend.c.o
 .debug_aranges
                0x00000000000000e0       0x30 _build/nrf52832_xxaa_app_error.c.o
 .debug_aranges
                0x0000000000000110       0x20 _build/nrf52832_xxaa_app_error_weak.c.o
 .debug_aranges
                0x0000000000000130       0x20 _build/nrf52832_xxaa_nrf_drv_common.c.o
 .debug_aranges
                0x0000000000000150       0xd8 _build/nrf52832_xxaa_nrf_drv_gpiote.c.o
 .debug_aranges
                0x0000000000000228       0x58 _build/nrf52832_xxaa_nrf_drv_qdec.c.o
 .debug_aranges
                0x0000000000000280       0x70 _build/nrf52832_xxaa_nrf_drv_uart.c.o
 .debug_aranges
                0x00000000000002f0       0x30 _build/nrf52832_xxaa_main.c.o
 .debug_aranges
                0x0000000000000320       0xa0 _build/nrf52832_xxaa_SEGGER_RTT.c.o
 .debug_aranges
                0x00000000000003c0       0x28 _build/nrf52832_xxaa_system_nrf52.c.o

.debug_ranges   0x0000000000000000     0x1b18
 .debug_ranges  0x0000000000000000      0x110 _build/nrf52832_xxaa_nrf_log_backend_serial.c.o
 .debug_ranges  0x0000000000000110      0x1d0 _build/nrf52832_xxaa_nrf_log_frontend.c.o
 .debug_ranges  0x00000000000002e0       0x20 _build/nrf52832_xxaa_app_error.c.o
 .debug_ranges  0x0000000000000300       0x10 _build/nrf52832_xxaa_app_error_weak.c.o
 .debug_ranges  0x0000000000000310       0x30 _build/nrf52832_xxaa_nrf_drv_common.c.o
 .debug_ranges  0x0000000000000340      0x820 _build/nrf52832_xxaa_nrf_drv_gpiote.c.o
 .debug_ranges  0x0000000000000b60      0x1e0 _build/nrf52832_xxaa_nrf_drv_qdec.c.o
 .debug_ranges  0x0000000000000d40      0x7b8 _build/nrf52832_xxaa_nrf_drv_uart.c.o
 .debug_ranges  0x00000000000014f8       0x50 _build/nrf52832_xxaa_main.c.o
 .debug_ranges  0x0000000000001548      0x4c8 _build/nrf52832_xxaa_SEGGER_RTT.c.o
 .debug_ranges  0x0000000000001a10      0x108 _build/nrf52832_xxaa_system_nrf52.c.o

.debug_macro    0x0000000000000000    0x13f6a
 .debug_macro   0x0000000000000000      0x2f4 _build/nrf52832_xxaa_nrf_log_backend_serial.c.o
 .debug_macro   0x00000000000002f4      0x8d4 _build/nrf52832_xxaa_nrf_log_backend_serial.c.o
 .debug_macro   0x0000000000000bc8       0x22 _build/nrf52832_xxaa_nrf_log_backend_serial.c.o
 .debug_macro   0x0000000000000bea       0x4f _build/nrf52832_xxaa_nrf_log_backend_serial.c.o
 .debug_macro   0x0000000000000c39       0x44 _build/nrf52832_xxaa_nrf_log_backend_serial.c.o
 .debug_macro   0x0000000000000c7d       0xfd _build/nrf52832_xxaa_nrf_log_backend_serial.c.o
 .debug_macro   0x0000000000000d7a       0x5e _build/nrf52832_xxaa_nrf_log_backend_serial.c.o
 .debug_macro   0x0000000000000dd8      0x1df _build/nrf52832_xxaa_nrf_log_backend_serial.c.o
 .debug_macro   0x0000000000000fb7       0x22 _build/nrf52832_xxaa_nrf_log_backend_serial.c.o
 .debug_macro   0x0000000000000fd9       0x52 _build/nrf52832_xxaa_nrf_log_backend_serial.c.o
 .debug_macro   0x000000000000102b       0x35 _build/nrf52832_xxaa_nrf_log_backend_serial.c.o
 .debug_macro   0x0000000000001060       0x9c _build/nrf52832_xxaa_nrf_log_backend_serial.c.o
 .debug_macro   0x00000000000010fc      0x16d _build/nrf52832_xxaa_nrf_log_backend_serial.c.o
 .debug_macro   0x0000000000001269       0x52 _build/nrf52832_xxaa_nrf_log_backend_serial.c.o
 .debug_macro   0x00000000000012bb       0x1f _build/nrf52832_xxaa_nrf_log_backend_serial.c.o
 .debug_macro   0x00000000000012da       0x43 _build/nrf52832_xxaa_nrf_log_backend_serial.c.o
 .debug_macro   0x000000000000131d       0x20 _build/nrf52832_xxaa_nrf_log_backend_serial.c.o
 .debug_macro   0x000000000000133d      0x187 _build/nrf52832_xxaa_nrf_log_backend_serial.c.o
 .debug_macro   0x00000000000014c4      0x330 _build/nrf52832_xxaa_nrf_log_backend_serial.c.o
 .debug_macro   0x00000000000017f4       0x10 _build/nrf52832_xxaa_nrf_log_backend_serial.c.o
 .debug_macro   0x0000000000001804       0x35 _build/nrf52832_xxaa_nrf_log_backend_serial.c.o
 .debug_macro   0x0000000000001839      0x124 _build/nrf52832_xxaa_nrf_log_backend_serial.c.o
 .debug_macro   0x000000000000195d      0x167 _build/nrf52832_xxaa_nrf_log_backend_serial.c.o
 .debug_macro   0x0000000000001ac4       0x2e _build/nrf52832_xxaa_nrf_log_backend_serial.c.o
 .debug_macro   0x0000000000001af2       0x22 _build/nrf52832_xxaa_nrf_log_backend_serial.c.o
 .debug_macro   0x0000000000001b14       0x8e _build/nrf52832_xxaa_nrf_log_backend_serial.c.o
 .debug_macro   0x0000000000001ba2       0x9d _build/nrf52832_xxaa_nrf_log_backend_serial.c.o
 .debug_macro   0x0000000000001c3f       0x28 _build/nrf52832_xxaa_nrf_log_backend_serial.c.o
 .debug_macro   0x0000000000001c67       0x2d _build/nrf52832_xxaa_nrf_log_backend_serial.c.o
 .debug_macro   0x0000000000001c94       0x3b _build/nrf52832_xxaa_nrf_log_backend_serial.c.o
 .debug_macro   0x0000000000001ccf       0x50 _build/nrf52832_xxaa_nrf_log_backend_serial.c.o
 .debug_macro   0x0000000000001d1f      0xe66 _build/nrf52832_xxaa_nrf_log_backend_serial.c.o
 .debug_macro   0x0000000000002b85      0x392 _build/nrf52832_xxaa_nrf_log_backend_serial.c.o
 .debug_macro   0x0000000000002f17     0xcc76 _build/nrf52832_xxaa_nrf_log_backend_serial.c.o
 .debug_macro   0x000000000000fb8d     0x130f _build/nrf52832_xxaa_nrf_log_backend_serial.c.o
 .debug_macro   0x0000000000010e9c       0x82 _build/nrf52832_xxaa_nrf_log_backend_serial.c.o
 .debug_macro   0x0000000000010f1e      0x394 _build/nrf52832_xxaa_nrf_log_backend_serial.c.o
 .debug_macro   0x00000000000112b2       0x49 _build/nrf52832_xxaa_nrf_log_backend_serial.c.o
 .debug_macro   0x00000000000112fb       0x1c _build/nrf52832_xxaa_nrf_log_backend_serial.c.o
 .debug_macro   0x0000000000011317       0x10 _build/nrf52832_xxaa_nrf_log_backend_serial.c.o
 .debug_macro   0x0000000000011327       0x10 _build/nrf52832_xxaa_nrf_log_backend_serial.c.o
 .debug_macro   0x0000000000011337       0xb6 _build/nrf52832_xxaa_nrf_log_backend_serial.c.o
 .debug_macro   0x00000000000113ed       0x16 _build/nrf52832_xxaa_nrf_log_backend_serial.c.o
 .debug_macro   0x0000000000011403      0x143 _build/nrf52832_xxaa_nrf_log_backend_serial.c.o
 .debug_macro   0x0000000000011546       0x2b _build/nrf52832_xxaa_nrf_log_backend_serial.c.o
 .debug_macro   0x0000000000011571       0x10 _build/nrf52832_xxaa_nrf_log_backend_serial.c.o
 .debug_macro   0x0000000000011581       0x74 _build/nrf52832_xxaa_nrf_log_backend_serial.c.o
 .debug_macro   0x00000000000115f5       0x22 _build/nrf52832_xxaa_nrf_log_backend_serial.c.o
 .debug_macro   0x0000000000011617       0x22 _build/nrf52832_xxaa_nrf_log_backend_serial.c.o
 .debug_macro   0x0000000000011639       0x52 _build/nrf52832_xxaa_nrf_log_backend_serial.c.o
 .debug_macro   0x000000000001168b       0x94 _build/nrf52832_xxaa_nrf_log_backend_serial.c.o
 .debug_macro   0x000000000001171f       0x3a _build/nrf52832_xxaa_nrf_log_backend_serial.c.o
 .debug_macro   0x0000000000011759      0x114 _build/nrf52832_xxaa_nrf_log_backend_serial.c.o
 .debug_macro   0x000000000001186d      0x2fe _build/nrf52832_xxaa_nrf_log_frontend.c.o
 .debug_macro   0x0000000000011b6b       0x22 _build/nrf52832_xxaa_nrf_log_frontend.c.o
 .debug_macro   0x0000000000011b8d      0x166 _build/nrf52832_xxaa_nrf_log_frontend.c.o
 .debug_macro   0x0000000000011cf3       0x59 _build/nrf52832_xxaa_nrf_log_frontend.c.o
 .debug_macro   0x0000000000011d4c       0x28 _build/nrf52832_xxaa_nrf_log_frontend.c.o
 .debug_macro   0x0000000000011d74      0x2b9 _build/nrf52832_xxaa_app_error.c.o
 .debug_macro   0x000000000001202d       0x35 _build/nrf52832_xxaa_app_error.c.o
 .debug_macro   0x0000000000012062       0x22 _build/nrf52832_xxaa_app_error.c.o
 .debug_macro   0x0000000000012084       0x16 _build/nrf52832_xxaa_app_error.c.o
 .debug_macro   0x000000000001209a       0x97 _build/nrf52832_xxaa_app_error.c.o
 .debug_macro   0x0000000000012131       0xf6 _build/nrf52832_xxaa_app_error.c.o
 .debug_macro   0x0000000000012227       0x16 _build/nrf52832_xxaa_app_error.c.o
 .debug_macro   0x000000000001223d      0x39a _build/nrf52832_xxaa_app_error.c.o
 .debug_macro   0x00000000000125d7      0x160 _build/nrf52832_xxaa_app_error.c.o
 .debug_macro   0x0000000000012737       0x16 _build/nrf52832_xxaa_app_error.c.o
 .debug_macro   0x000000000001274d      0x2b9 _build/nrf52832_xxaa_app_error_weak.c.o
 .debug_macro   0x0000000000012a06       0x1c _build/nrf52832_xxaa_app_error_weak.c.o
 .debug_macro   0x0000000000012a22      0x2a4 _build/nrf52832_xxaa_nrf_drv_common.c.o
 .debug_macro   0x0000000000012cc6       0x22 _build/nrf52832_xxaa_nrf_drv_common.c.o
 .debug_macro   0x0000000000012ce8      0x386 _build/nrf52832_xxaa_nrf_drv_gpiote.c.o
 .debug_macro   0x000000000001306e       0x1f _build/nrf52832_xxaa_nrf_drv_gpiote.c.o
 .debug_macro   0x000000000001308d       0x2e _build/nrf52832_xxaa_nrf_drv_gpiote.c.o
 .debug_macro   0x00000000000130bb       0x28 _build/nrf52832_xxaa_nrf_drv_gpiote.c.o
 .debug_macro   0x00000000000130e3       0x16 _build/nrf52832_xxaa_nrf_drv_gpiote.c.o
 .debug_macro   0x00000000000130f9       0x16 _build/nrf52832_xxaa_nrf_drv_gpiote.c.o
 .debug_macro   0x000000000001310f      0x34d _build/nrf52832_xxaa_nrf_drv_qdec.c.o
 .debug_macro   0x000000000001345c      0x373 _build/nrf52832_xxaa_nrf_drv_uart.c.o
 .debug_macro   0x00000000000137cf       0x10 _build/nrf52832_xxaa_nrf_drv_uart.c.o
 .debug_macro   0x00000000000137df       0x42 _build/nrf52832_xxaa_nrf_drv_uart.c.o
 .debug_macro   0x0000000000013821      0x372 _build/nrf52832_xxaa_main.c.o
 .debug_macro   0x0000000000013b93       0x1c _build/nrf52832_xxaa_main.c.o
 .debug_macro   0x0000000000013baf       0x10 _build/nrf52832_xxaa_main.c.o
 .debug_macro   0x0000000000013bbf      0x282 _build/nrf52832_xxaa_SEGGER_RTT.c.o
 .debug_macro   0x0000000000013e41       0x34 _build/nrf52832_xxaa_SEGGER_RTT.c.o
 .debug_macro   0x0000000000013e75       0xf5 _build/nrf52832_xxaa_system_nrf52.c.o

.debug_line     0x0000000000000000     0x64e6
 .debug_line    0x0000000000000000      0x79a _build/nrf52832_xxaa_nrf_log_backend_serial.c.o
 .debug_line    0x000000000000079a      0x837 _build/nrf52832_xxaa_nrf_log_frontend.c.o
 .debug_line    0x0000000000000fd1      0x609 _build/nrf52832_xxaa_app_error.c.o
 .debug_line    0x00000000000015da      0x5d1 _build/nrf52832_xxaa_app_error_weak.c.o
 .debug_line    0x0000000000001bab      0x5d4 _build/nrf52832_xxaa_nrf_drv_common.c.o
 .debug_line    0x000000000000217f      0xe6d _build/nrf52832_xxaa_nrf_drv_gpiote.c.o
 .debug_line    0x0000000000002fec      0x94e _build/nrf52832_xxaa_nrf_drv_qdec.c.o
 .debug_line    0x000000000000393a     0x10e0 _build/nrf52832_xxaa_nrf_drv_uart.c.o
 .debug_line    0x0000000000004a1a      0x7c7 _build/nrf52832_xxaa_main.c.o
 .debug_line    0x00000000000051e1      0xecf _build/nrf52832_xxaa_SEGGER_RTT.c.o
 .debug_line    0x00000000000060b0      0x436 _build/nrf52832_xxaa_system_nrf52.c.o

.debug_str      0x0000000000000000    0x6bc13
 .debug_str     0x0000000000000000    0x63b78 _build/nrf52832_xxaa_nrf_log_backend_serial.c.o
                                      0x646de (size before relaxing)
 .debug_str     0x0000000000063b78     0x1c11 _build/nrf52832_xxaa_nrf_log_frontend.c.o
                                      0x653c6 (size before relaxing)
 .debug_str     0x0000000000065789      0x11d _build/nrf52832_xxaa_app_error.c.o
                                      0x64da5 (size before relaxing)
 .debug_str     0x00000000000658a6       0xd8 _build/nrf52832_xxaa_app_error_weak.c.o
                                      0x64d45 (size before relaxing)
 .debug_str     0x000000000006597e      0x9ff _build/nrf52832_xxaa_nrf_drv_common.c.o
                                      0x63f5f (size before relaxing)
 .debug_str     0x000000000006637d     0x1aab _build/nrf52832_xxaa_nrf_drv_gpiote.c.o
                                      0x671aa (size before relaxing)
 .debug_str     0x0000000000067e28      0xb00 _build/nrf52832_xxaa_nrf_drv_qdec.c.o
                                      0x66688 (size before relaxing)
 .debug_str     0x0000000000068928     0x1813 _build/nrf52832_xxaa_nrf_drv_uart.c.o
                                      0x6749b (size before relaxing)
 .debug_str     0x000000000006a13b     0x136e _build/nrf52832_xxaa_main.c.o
                                      0x66b2b (size before relaxing)
 .debug_str     0x000000000006b4a9      0x3ec _build/nrf52832_xxaa_SEGGER_RTT.c.o
                                      0x60b15 (size before relaxing)
 .debug_str     0x000000000006b895      0x37e _build/nrf52832_xxaa_system_nrf52.c.o
                                      0x5ba4a (size before relaxing)
